2025-04-09 15:35:16,853 INFO: Время обработано корректно, приветствие передано
2025-04-09 15:35:16,853 INFO: Время обработано корректно, приветствие передано
2025-04-09 15:35:16,854 INFO: Время обработано корректно, приветствие передано
2025-04-09 15:35:16,854 INFO: Время обработано корректно, приветствие передано
2025-04-09 15:36:12,759 INFO: Время обработано корректно, приветствие передано
2025-04-09 15:36:12,759 INFO: Время обработано корректно, приветствие передано
2025-04-09 15:36:12,759 INFO: Время обработано корректно, приветствие передано
2025-04-09 15:36:12,759 INFO: Время обработано корректно, приветствие передано
2025-04-09 15:36:12,764 ERROR: Ошибка: '>' not supported between instances of 'MagicMock' and 'int'
2025-04-09 15:36:27,633 INFO: Время обработано корректно, приветствие передано
2025-04-09 15:36:27,633 INFO: Время обработано корректно, приветствие передано
2025-04-09 15:36:27,634 INFO: Время обработано корректно, приветствие передано
2025-04-09 15:36:27,634 INFO: Время обработано корректно, приветствие передано
2025-04-09 15:36:27,638 ERROR: Ошибка: '>' not supported between instances of 'MagicMock' and 'int'
2025-04-09 15:37:12,226 INFO: Время обработано корректно, приветствие передано
2025-04-09 15:37:12,226 INFO: Время обработано корректно, приветствие передано
2025-04-09 15:37:12,226 INFO: Время обработано корректно, приветствие передано
2025-04-09 15:37:12,226 INFO: Время обработано корректно, приветствие передано
2025-04-09 15:37:12,231 ERROR: Ошибка: '>' not supported between instances of 'MagicMock' and 'int'
2025-04-09 15:38:18,697 INFO: Время обработано корректно, приветствие передано
2025-04-09 15:38:18,697 INFO: Время обработано корректно, приветствие передано
2025-04-09 15:38:18,697 INFO: Время обработано корректно, приветствие передано
2025-04-09 15:38:18,697 INFO: Время обработано корректно, приветствие передано
2025-04-09 15:38:18,702 ERROR: Ошибка: '>' not supported between instances of 'MagicMock' and 'int'
2025-04-09 15:38:30,849 INFO: Время обработано корректно, приветствие передано
2025-04-09 15:38:30,849 INFO: Время обработано корректно, приветствие передано
2025-04-09 15:38:30,849 INFO: Время обработано корректно, приветствие передано
2025-04-09 15:38:30,849 INFO: Время обработано корректно, приветствие передано
2025-04-09 15:38:30,856 ERROR: Ошибка: '>' not supported between instances of 'MagicMock' and 'int'
2025-04-09 15:38:59,192 INFO: Время обработано корректно, приветствие передано
2025-04-09 15:38:59,192 INFO: Время обработано корректно, приветствие передано
2025-04-09 15:38:59,192 INFO: Время обработано корректно, приветствие передано
2025-04-09 15:38:59,192 INFO: Время обработано корректно, приветствие передано
2025-04-09 15:38:59,197 ERROR: Ошибка: '>' not supported between instances of 'MagicMock' and 'int'
2025-04-09 15:40:01,609 INFO: Время обработано корректно, приветствие передано
2025-04-09 15:40:01,609 INFO: Время обработано корректно, приветствие передано
2025-04-09 15:40:01,609 INFO: Время обработано корректно, приветствие передано
2025-04-09 15:40:01,610 INFO: Время обработано корректно, приветствие передано
2025-04-10 09:40:17,557 ERROR: Ошибка: time data "01.02.2022" doesn't match format "%d.%m.%Y %H:%M:%S", at position 0. You might want to try:
    - passing `format` if your strings have a consistent format;
    - passing `format='ISO8601'` if your strings are all ISO8601 but not necessarily in exactly the same format;
    - passing `format='mixed'`, and the format will be inferred for each element individually. You might want to use `dayfirst` alongside this.
2025-04-10 09:40:17,564 INFO: Передана информация о стоимости валют
2025-04-10 09:40:17,567 INFO: Передана информация о стоимости валют
2025-04-10 09:40:17,571 INFO: Стоимость акций передана
2025-04-10 09:40:17,577 INFO: Стоимость акций передана
2025-04-10 09:44:04,824 INFO: Время обработано корректно, приветствие передано
2025-04-10 09:44:47,145 INFO: Время обработано корректно, приветствие передано
2025-04-10 09:48:47,059 INFO: Время обработано корректно, приветствие передано
2025-04-10 09:48:47,170 INFO: Информация об операции, кэшбеке по номеру карты передана
2025-04-10 09:48:47,193 INFO: 5 транзакций переданы
2025-04-10 09:51:36,652 INFO: Время обработано корректно, приветствие передано
2025-04-10 09:51:36,728 INFO: Информация об операции, кэшбеке по номеру карты передана
2025-04-10 09:51:36,750 INFO: 5 транзакций переданы
2025-04-10 09:51:36,755 INFO: Передана информация о стоимости валют
2025-04-10 09:51:36,758 INFO: Стоимость акций передана
2025-04-12 10:29:48,726 INFO: Время обработано корректно, приветствие передано
2025-04-12 10:29:48,806 INFO: Информация об операции, кэшбеке по номеру карты передана
2025-04-12 10:29:48,829 INFO: 5 транзакций переданы
2025-04-12 10:29:48,834 INFO: Передана информация о стоимости валют
2025-04-12 10:29:48,837 INFO: Стоимость акций передана
2025-04-12 10:34:09,716 INFO: Время обработано корректно, приветствие передано
2025-04-12 10:34:09,766 INFO: Информация об операции, кэшбеке по номеру карты передана
2025-04-12 10:34:09,792 INFO: 5 транзакций переданы
2025-04-12 10:34:09,797 INFO: Передана информация о стоимости валют
2025-04-12 10:34:09,801 INFO: Стоимость акций передана
2025-04-12 10:34:44,045 INFO: Время обработано корректно, приветствие передано
2025-04-12 10:34:44,105 INFO: Информация об операции, кэшбеке по номеру карты передана
2025-04-12 10:34:44,128 INFO: 5 транзакций переданы
2025-04-12 10:34:44,132 INFO: Передана информация о стоимости валют
2025-04-12 10:34:44,136 INFO: Стоимость акций передана
2025-04-12 10:36:05,611 INFO: Время обработано корректно, приветствие передано
2025-04-12 10:36:05,674 INFO: Информация об операции, кэшбеке по номеру карты передана
2025-04-12 10:36:05,696 INFO: 5 транзакций переданы
2025-04-12 10:36:05,701 INFO: Передана информация о стоимости валют
2025-04-12 10:36:05,705 INFO: Стоимость акций передана
2025-04-12 10:36:17,874 INFO: Время обработано корректно, приветствие передано
2025-04-12 10:36:17,925 INFO: Информация об операции, кэшбеке по номеру карты передана
2025-04-12 10:36:17,947 INFO: 5 транзакций переданы
2025-04-12 10:36:17,952 INFO: Передана информация о стоимости валют
2025-04-12 10:36:17,956 INFO: Стоимость акций передана
